// Jest Snapshot v1, https://goo.gl/fbAQLP

exports[`close button matches snapshot 1`] = `
<button
  className="sc-AxjAm iwCWZU"
  onClick={[Function]}
  type="button"
>
  Close
</button>
`;
