// Jest Snapshot v1, https://goo.gl/fbAQLP

exports[`dash load matches snapshot 1`] = `
<div
  className="sc-AxiKw kqusVU"
>
  <p>
    Fetching Links...
  </p>
  <div
    className="sc-AxhCb fniwr"
  />
</div>
`;
