// Jest Snapshot v1, https://goo.gl/fbAQLP

exports[`dash load matches snapshot 1`] = `
<div
  className="sc-AxiKw kqusVU"
>
  <h3>
    No Links found
  </h3>
  <p>
    Please add a link below
  </p>
  <p>
    Or refresh the page
  </p>
</div>
`;
