// Jest Snapshot v1, https://goo.gl/fbAQLP

exports[`boost matches snapshot 1`] = `
<div
  className="sc-fzplWN jPNFiH"
>
  <h2>
    Boost your links today
  </h2>
  <button
    className="sc-AxirZ dVJbcR"
  >
    <b>
      Get Started
    </b>
  </button>
</div>
`;
