// Jest Snapshot v1, https://goo.gl/fbAQLP

exports[`intro matches snapshot 1`] = `
<section
  className="sc-fzplWN bqyiPU"
  data-testid="home"
>
  <div
    className="sc-fznyAO vcaiD"
  >
    <img
      alt="woman working at desk"
      src="illustration-working.svg"
    />
  </div>
  <div
    className="sc-fznKkj jsUFqS"
  >
    <h1>
      More than just shorter links
    </h1>
    <p>
      Build your brandâ€™s recognition and get detailed insights on how your links are performing.
    </p>
    <button
      className="sc-AxirZ dVJbcR"
    >
      Get Started
    </button>
  </div>
</section>
`;
